Microchip Technology Inc, v2.10 (B)

Tool Name:
  /opt/microchip/xc16/v2.10/bin/bin/../bin/elf-ld

Command:
  -p30F4011 \
  --mdfp=/opt/microchip/mplabx/v6.20/packs/Microchip/dsPIC30F_DFP/1.5.254/xc16 \
  -o \
  dist/default/production/EVBatteryCTRLv1.X.production.elf \
  -L/opt/microchip/xc16/v2.10/bin/bin/.. \
  -L/opt/microchip/mplabx/v6.20/packs/Microchip/dsPIC30F_DFP/1.5.254/xc16/bin/../support/dsPIC30F/gld \
  -L/opt/microchip/xc16/v2.10/bin/bin/../../lib \
  -L/opt/microchip/xc16/v2.10/bin/bin/../../support/PIC24E/gld \
  -L/opt/microchip/xc16/v2.10/bin/bin/../../support/PIC24F/gld \
  -L/opt/microchip/xc16/v2.10/bin/bin/../../support/PIC24H/gld \
  -L/opt/microchip/xc16/v2.10/bin/bin/../../support/dsPIC30F/gld \
  -L/opt/microchip/xc16/v2.10/bin/bin/../../support/dsPIC33C/gld \
  -L/opt/microchip/xc16/v2.10/bin/bin/../../support/dsPIC33E/gld \
  -L/opt/microchip/xc16/v2.10/bin/bin/../../support/dsPIC33F/gld \
  build/default/production/main.o \
  --defsym=__MPLAB_BUILD=1 \
  -Tp30F4011.gld.00 \
  --stack=16 \
  --check-sections \
  --data-init \
  --pack-data \
  --handles \
  --no-isr \
  --gc-sections \
  --fill-upper=0 \
  --stackguard=16 \
  --no-force-link \
  --smart-io \
  -Map=dist/default/production/EVBatteryCTRLv1.X.production.map \
  --report-mem \
  --memorysummary \
  dist/default/production/memoryfile.xml \
  -start-group \
  --library=c99-pic30-elf \
  --library=m-elf \
  --library=c99-elf \
  -end-group \


Optional library libp30F4011.a not found
Archive member included because of file (symbol)

/opt/microchip/xc16/v2.10/bin/bin/../../lib/libc99-pic30-elf.a(crt0_standard.o)
                              (__resetPRI)
/opt/microchip/xc16/v2.10/bin/bin/../../lib/libc99-pic30-elf.a(data_init_standard.o)
                              /opt/microchip/xc16/v2.10/bin/bin/../../lib/libc99-pic30-elf.a(crt0_standard.o) (__data_init_standard)
/opt/microchip/xc16/v2.10/bin/bin/../../lib/libc99-pic30-elf.a(crt_start_mode_normal.Meo)
                              (__crt_start_mode_normal)
/opt/microchip/xc16/v2.10/bin/bin/../../lib/libc99-pic30-elf.a(feqltle.XX_o)
                              build/default/production/main.o (___eqsf2)
/opt/microchip/xc16/v2.10/bin/bin/../../lib/libc99-pic30-elf.a(fgtge.XX_o)
                              build/default/production/main.o (___gtsf2)
/opt/microchip/xc16/v2.10/bin/bin/../../lib/libc99-pic30-elf.a(fixsfsi.XX_o)
                              build/default/production/main.o (_(float, int, long long, short, float, short, int))
/opt/microchip/xc16/v2.10/bin/bin/../../lib/libc99-pic30-elf.a(fixunssfsi.XX_o)
                              build/default/production/main.o (___fixunssfsi)
/opt/microchip/xc16/v2.10/bin/bin/../../lib/libc99-pic30-elf.a(floatsisf.XX_o)
                              build/default/production/main.o (___floatsisf)
/opt/microchip/xc16/v2.10/bin/bin/../../lib/libc99-pic30-elf.a(floatunsisf.XX_o)
                              build/default/production/main.o (___floatunsisf)
/opt/microchip/xc16/v2.10/bin/bin/../../lib/libc99-pic30-elf.a(fne.XX_o)
                              build/default/production/main.o (___nesf2)
/opt/microchip/xc16/v2.10/bin/bin/../../lib/libc99-pic30-elf.a(funpack.XX_o)
                              /opt/microchip/xc16/v2.10/bin/bin/../../lib/libc99-pic30-elf.a(fixsfsi.XX_o) (__funpack)
/opt/microchip/xc16/v2.10/bin/bin/../../lib/libc99-pic30-elf.a(addsf3x.XX_o)
                              build/default/production/main.o (___subsf3)
/opt/microchip/xc16/v2.10/bin/bin/../../lib/libc99-pic30-elf.a(divsf3x.XX_o)
                              build/default/production/main.o (___divsf3)
/opt/microchip/xc16/v2.10/bin/bin/../../lib/libc99-pic30-elf.a(mulsf3x.XX_o)
                              build/default/production/main.o (___mulsf3)
/opt/microchip/xc16/v2.10/bin/bin/../../lib/libc99-pic30-elf.a(dnrmpackfx.XX_o)
                              /opt/microchip/xc16/v2.10/bin/bin/../../lib/libc99-pic30-elf.a(addsf3x.XX_o) (__dnrmpackf)
/opt/microchip/xc16/v2.10/bin/bin/../../lib/libc99-pic30-elf.a(unpackdnrmfx.XX_o)
                              /opt/microchip/xc16/v2.10/bin/bin/../../lib/libc99-pic30-elf.a(mulsf3x.XX_o) (__unpackdnrmf)
/opt/microchip/xc16/v2.10/bin/bin/../../lib/libc99-pic30-elf.a(typefx.XX_o)
                              /opt/microchip/xc16/v2.10/bin/bin/../../lib/libc99-pic30-elf.a(addsf3x.XX_o) (__typef)
/opt/microchip/xc16/v2.10/bin/bin/../../lib/libc99-pic30-elf.a(propnanfx.XX_o)
                              /opt/microchip/xc16/v2.10/bin/bin/../../lib/libc99-pic30-elf.a(addsf3x.XX_o) (__propnanf)
/opt/microchip/xc16/v2.10/bin/bin/../../lib/libc99-pic30-elf.a(spackfx.XX_o)
                              /opt/microchip/xc16/v2.10/bin/bin/../../lib/libc99-pic30-elf.a(divsf3x.XX_o) (__spackf)
/opt/microchip/xc16/v2.10/bin/bin/../../lib/libc99-pic30-elf.a(unpackfx.XX_o)
                              /opt/microchip/xc16/v2.10/bin/bin/../../lib/libc99-pic30-elf.a(divsf3x.XX_o) (__unpackf)
[...]
Memory Configuration

Name             Origin             Length             Attributes
data             0x000800           0x000800           a !xr
reset            0x000000           0x000004  
ivt              0x000004           0x00007c  
_reserved        0x000080           0x000004  
aivt             0x000084           0x00007c  
program          0x000100           0x007f00           xr
eedata           0x7ffc00           0x000400  
FUID0            0x8005c0           0x000002  
FUID1            0x8005c2           0x000002  
FUID2            0x8005c4           0x000002  
FUID3            0x8005c6           0x000002  
FOSC             0xf80000           0x000002  
FWDT             0xf80002           0x000002  
FBORPOR          0xf80004           0x000002  
RESERVED1        0xf80006           0x000002  
RESERVED2        0xf80008           0x000002  
FGS              0xf8000a           0x000002  
FICD             0xf8000c           0x000002  
*default*        0x000000           0xffffffffffffffff  

Linker script and memory map

LOAD build/default/production/main.o
                    0x0001                  __MPLAB_BUILD = 0x1
LOAD p30F4011
LOAD /opt/microchip/xc16/v2.10/bin/bin/../../lib/libfx-elf.a
                    0x8005c0                  __FUID0 = 0x8005c0
                    0x8005c2                  __FUID1 = 0x8005c2
                    0x8005c4                  __FUID2 = 0x8005c4
                    0x8005c6                  __FUID3 = 0x8005c6
                    0xf80000                  __FOSC = 0xf80000
                    0xf80002                  __FWDT = 0xf80002
                    0xf80004                  __FBORPOR = 0xf80004
                    0xf80006                  __RESERVED1 = 0xf80006
                    0xf80008                  __RESERVED2 = 0xf80008
                    0xf8000a                  __FGS = 0xf8000a
                    0xf8000c                  __FICD = 0xf8000c
                    0x0001                  __NO_HANDLES = 0x1
                    0x0100                  __CODE_BASE = 0x100
                    0x7f00                  __CODE_LENGTH = 0x7f00
                    0x0004                  __IVT_BASE = 0x4
                    0x0084                  __AIVT_BASE = 0x84
                    0x0800                  __DATA_BASE = 0x800
                    0x0800                  __DATA_LENGTH = 0x800
                    0x0c00                  __YDATA_BASE = 0xc00
                    0x1000                  __YDATA_END = 0x1000
                    0x7ffc00                  __EEDATA_BASE = 0x7ffc00
                    0x0400                  __EEDATA_LENGTH = 0x400

.reset            0x000000          0x4
                  0x000000          0x2 SHORT 0x100 ABSOLUTE (__reset)
                  0x000001          0x2 SHORT 0x4
                  0x000002          0x2 SHORT 0x0 ((ABSOLUTE (__reset) >> 0x10) & 0x7f)
                  0x000003          0x2 SHORT 0x0

.text             0x000100       0x14da
 *(.init)
 .init            0x000100         0x4c /opt/microchip/xc16/v2.10/bin/bin/../../lib/libc99-pic30-elf.a(crt0_standard.o)
                  0x000100                  __reset
                  0x000100                  __resetPRI
                  0x00013c                  __psv_init
 .init            0x00014c         0x7c /opt/microchip/xc16/v2.10/bin/bin/../../lib/libc99-pic30-elf.a(data_init_standard.o)
                  0x000152                  __data_init
                  0x000152                  __data_init_standard
 *(.user_init)
 *(.handle)
 *(.isr*)
 .isr.text        0x0001c8        0xb9e build/default/production/main.o
                  0x0001c8                  __SI2CInterrupt
                  0x0001cc                  __OscillatorFail
                  0x0001d4                  __StackError
                  0x0001dc                  __AddressError
                  0x0001e4                  __MathError
                  0x0001ec                  __FLTAInterrupt
                  0x0001f4                  __ReservedTrap7
                  0x0001fa                  __U2TXInterrupt
                  0x000250                  __U1TXInterrupt
                  0x0002a2                  __T5Interrupt
                  0x0002c6                  __MI2CInterrupt
                  0x00047a                  __T4Interrupt
                  0x0005f6                  __INT1Interrupt
                  0x00061e                  __INT0Interrupt
                  0x000648                  __T2Interrupt
                  0x000980                  __ADCInterrupt
                  0x000af4                  __T1Interrupt
                  0x000d0e                  __U2RXInterrupt
                  0x000d3a                  __U1RXInterrupt
 *(.libc)
 *(.libm)
 *(.libdsp)
 *(.lib*)
 .libpic30_crt_start_mode
                  0x000d66          0x2 /opt/microchip/xc16/v2.10/bin/bin/../../lib/libc99-pic30-elf.a(crt_start_mode_normal.Meo)
                  0x000d66                  __crt_start_mode_normal
                  0x000d66                  __crt_start_mode
 .libm.eqsf2      0x000d68          0x4 /opt/microchip/xc16/v2.10/bin/bin/../../lib/libc99-pic30-elf.a(feqltle.XX_o)
                  0x000d68                  ___lesf2
                  0x000d68                  ___eqsf2
                  0x000d68                  ___ltsf2
 .libm.gtsf2      0x000d6c          0x4 /opt/microchip/xc16/v2.10/bin/bin/../../lib/libc99-pic30-elf.a(fgtge.XX_o)
                  0x000d6c                  ___gtsf2
                  0x000d6c                  ___gesf2
 .libm.fixsfsi    0x000d70         0x42 /opt/microchip/xc16/v2.10/bin/bin/../../lib/libc99-pic30-elf.a(fixsfsi.XX_o)
                  0x000d70                  _(float, int, long long, short, float, short, int)
 .libm.fixunssfsi
                  0x000db2         0x36 /opt/microchip/xc16/v2.10/bin/bin/../../lib/libc99-pic30-elf.a(fixunssfsi.XX_o)
                  0x000db2                  ___fixunssfsi
 .libm.floatsisf
                  0x000de8          0x6 /opt/microchip/xc16/v2.10/bin/bin/../../lib/libc99-pic30-elf.a(floatsisf.XX_o)
                  0x000de8                  ___floatsisf
 .libm.floatunsisf
                  0x000dee          0x4 /opt/microchip/xc16/v2.10/bin/bin/../../lib/libc99-pic30-elf.a(floatunsisf.XX_o)
                  0x000dee                  ___floatunsisf
 .libm.nesf2      0x000df2          0x4 /opt/microchip/xc16/v2.10/bin/bin/../../lib/libc99-pic30-elf.a(fne.XX_o)
                  0x000df2                  ___nesf2
 .libm.funpack    0x000df6         0x2a /opt/microchip/xc16/v2.10/bin/bin/../../lib/libc99-pic30-elf.a(funpack.XX_o)
                  0x000df6                  __funpack
 .libmx           0x000e20        0x1dc /opt/microchip/xc16/v2.10/bin/bin/../../lib/libc99-pic30-elf.a(addsf3x.XX_o)
                  0x000e20                  ___subsf3
                  0x000e20                  ___subsf3x
                  0x000e32                  ___addsf3
                  0x000e32                  ___addsf3x
 .libmx           0x000ffc        0x1be /opt/microchip/xc16/v2.10/bin/bin/../../lib/libc99-pic30-elf.a(divsf3x.XX_o)
                  0x000ffc                  ___divsf3x
                  0x000ffc                  ___divsf3
                  0x00118e                  __sdivf
 .libmx           0x0011ba        0x10c /opt/microchip/xc16/v2.10/bin/bin/../../lib/libc99-pic30-elf.a(mulsf3x.XX_o)
                  0x0011ba                  ___mulsf3
                  0x0011ba                  ___mulsf3x
 .libmx           0x0012c6         0x54 /opt/microchip/xc16/v2.10/bin/bin/../../lib/libc99-pic30-elf.a(dnrmpackfx.XX_o)
                  0x0012c6                  __dnrmpackf
 .libmx           0x00131a         0x5e /opt/microchip/xc16/v2.10/bin/bin/../../lib/libc99-pic30-elf.a(unpackdnrmfx.XX_o)
                  0x00131a                  __unpackdnrmf
 .libmx           0x001378         0x34 /opt/microchip/xc16/v2.10/bin/bin/../../lib/libc99-pic30-elf.a(typefx.XX_o)
                  0x001378                  __typef
 .libmx           0x0013ac         0x12 /opt/microchip/xc16/v2.10/bin/bin/../../lib/libc99-pic30-elf.a(propnanfx.XX_o)
                  0x0013ac                  __propnanf
 .libmx           0x0013be         0xa6 /opt/microchip/xc16/v2.10/bin/bin/../../lib/libc99-pic30-elf.a(spackfx.XX_o)
                  0x0013be                  __spackf
 .libmx           0x001464         0x66 /opt/microchip/xc16/v2.10/bin/bin/../../lib/libc99-pic30-elf.a(unpackfx.XX_o)
                  0x001464                  __unpackf
 .libm.fcompare
                  0x0014ca         0x36 /opt/microchip/xc16/v2.10/bin/bin/../../lib/libc99-pic30-elf.a(fcompare.XX_o)
                  0x0014ca                  __fcompare
 .libm.floatdisf
                  0x001500         0x20 /opt/microchip/xc16/v2.10/bin/bin/../../lib/libc99-pic30-elf.a(floatdisf.XX_o)
                  0x001500                  ___floatdisf
 .libm.floatundisf
                  0x001520         0x5e /opt/microchip/xc16/v2.10/bin/bin/../../lib/libc99-pic30-elf.a(floatundisf.XX_o)
                  0x001520                  ___floatundisf
 .libm.fpack      0x00157e         0x4c /opt/microchip/xc16/v2.10/bin/bin/../../lib/libc99-pic30-elf.a(fpack.XX_o)
                  0x00157e                  __fpack
 .libm.funpack2
                  0x0015ca         0x10 /opt/microchip/xc16/v2.10/bin/bin/../../lib/libc99-pic30-elf.a(funpack2.XX_o)
                  0x0015ca                  __funpack2

usercode
 *(usercode)

__FUID0
 *(__FUID0.sec*)

__FUID1
 *(__FUID1.sec*)

__FUID2
 *(__FUID2.sec*)

__FUID3
 *(__FUID3.sec*)

__FOSC
 *(__FOSC.sec*)

__FWDT
 *(__FWDT.sec*)

__FBORPOR
 *(__FBORPOR.sec*)

__RESERVED1
 *(__RESERVED1.sec*)

__RESERVED2
 *(__RESERVED2.sec*)

__FGS             0xf8000a          0x2
 *(__FGS.sec*)
 __FGS.sec        0xf8000a          0x2 /CW/_FGSHr+RV
                  0xf8000a                  __FGS.sec

__FICD
 *(__FICD.sec*)

user_eedata
 *(user_eedata)

userdata
 *(userdata)

.comment
 *(.comment)

.debug_info       0x000000       0x9057
 *(.debug_info)
 .debug_info      0x000000       0x8396 build/default/production/main.o
 .debug_info      0x008396         0x8d /opt/microchip/xc16/v2.10/bin/bin/../../lib/libc99-pic30-elf.a(feqltle.XX_o)
 .debug_info      0x008423         0x8b /opt/microchip/xc16/v2.10/bin/bin/../../lib/libc99-pic30-elf.a(fgtge.XX_o)
 .debug_info      0x0084ae         0x8d /opt/microchip/xc16/v2.10/bin/bin/../../lib/libc99-pic30-elf.a(fixsfsi.XX_o)
 .debug_info      0x00853b         0x90 /opt/microchip/xc16/v2.10/bin/bin/../../lib/libc99-pic30-elf.a(fixunssfsi.XX_o)
 .debug_info      0x0085cb         0x8f /opt/microchip/xc16/v2.10/bin/bin/../../lib/libc99-pic30-elf.a(floatsisf.XX_o)
 .debug_info      0x00865a         0x91 /opt/microchip/xc16/v2.10/bin/bin/../../lib/libc99-pic30-elf.a(floatunsisf.XX_o)
 .debug_info      0x0086eb         0x89 /opt/microchip/xc16/v2.10/bin/bin/../../lib/libc99-pic30-elf.a(fne.XX_o)
 .debug_info      0x008774         0x8d /opt/microchip/xc16/v2.10/bin/bin/../../lib/libc99-pic30-elf.a(funpack.XX_o)
 .debug_info      0x008801         0x9d /opt/microchip/xc16/v2.10/bin/bin/../../lib/libc99-pic30-elf.a(addsf3x.XX_o)
 .debug_info      0x00889e         0x9d /opt/microchip/xc16/v2.10/bin/bin/../../lib/libc99-pic30-elf.a(divsf3x.XX_o)
 .debug_info      0x00893b         0x9d /opt/microchip/xc16/v2.10/bin/bin/../../lib/libc99-pic30-elf.a(mulsf3x.XX_o)
 .debug_info      0x0089d8         0xa0 /opt/microchip/xc16/v2.10/bin/bin/../../lib/libc99-pic30-elf.a(dnrmpackfx.XX_o)
 .debug_info      0x008a78         0xa2 /opt/microchip/xc16/v2.10/bin/bin/../../lib/libc99-pic30-elf.a(unpackdnrmfx.XX_o)
 .debug_info      0x008b1a         0x9c /opt/microchip/xc16/v2.10/bin/bin/../../lib/libc99-pic30-elf.a(typefx.XX_o)
 .debug_info      0x008bb6         0x9f /opt/microchip/xc16/v2.10/bin/bin/../../lib/libc99-pic30-elf.a(propnanfx.XX_o)
 .debug_info      0x008c55         0x9d /opt/microchip/xc16/v2.10/bin/bin/../../lib/libc99-pic30-elf.a(spackfx.XX_o)
 .debug_info      0x008cf2         0x9e /opt/microchip/xc16/v2.10/bin/bin/../../lib/libc99-pic30-elf.a(unpackfx.XX_o)
 .debug_info      0x008d90         0x8e /opt/microchip/xc16/v2.10/bin/bin/../../lib/libc99-pic30-elf.a(fcompare.XX_o)
 .debug_info      0x008e1e         0x8f /opt/microchip/xc16/v2.10/bin/bin/../../lib/libc99-pic30-elf.a(floatdisf.XX_o)
 .debug_info      0x008ead         0x91 /opt/microchip/xc16/v2.10/bin/bin/../../lib/libc99-pic30-elf.a(floatundisf.XX_o)
 .debug_info      0x008f3e         0x8b /opt/microchip/xc16/v2.10/bin/bin/../../lib/libc99-pic30-elf.a(fpack.XX_o)
 .debug_info      0x008fc9         0x8e /opt/microchip/xc16/v2.10/bin/bin/../../lib/libc99-pic30-elf.a(funpack2.XX_o)
 *(.gnu.linkonce.wi.*)

.debug_abbrev     0x000000        0x4a9
 *(.debug_abbrev)
 .debug_abbrev    0x000000        0x2f1 build/default/production/main.o
 .debug_abbrev    0x0002f1         0x14 /opt/microchip/xc16/v2.10/bin/bin/../../lib/libc99-pic30-elf.a(feqltle.XX_o)
 .debug_abbrev    0x000305         0x14 /opt/microchip/xc16/v2.10/bin/bin/../../lib/libc99-pic30-elf.a(fgtge.XX_o)
 .debug_abbrev    0x000319         0x14 /opt/microchip/xc16/v2.10/bin/bin/../../lib/libc99-pic30-elf.a(fixsfsi.XX_o)
 .debug_abbrev    0x00032d         0x14 /opt/microchip/xc16/v2.10/bin/bin/../../lib/libc99-pic30-elf.a(fixunssfsi.XX_o)
 .debug_abbrev    0x000341         0x14 /opt/microchip/xc16/v2.10/bin/bin/../../lib/libc99-pic30-elf.a(floatsisf.XX_o)
 .debug_abbrev    0x000355         0x14 /opt/microchip/xc16/v2.10/bin/bin/../../lib/libc99-pic30-elf.a(floatunsisf.XX_o)
 .debug_abbrev    0x000369         0x14 /opt/microchip/xc16/v2.10/bin/bin/../../lib/libc99-pic30-elf.a(fne.XX_o)
 .debug_abbrev    0x00037d         0x14 /opt/microchip/xc16/v2.10/bin/bin/../../lib/libc99-pic30-elf.a(funpack.XX_o)
 .debug_abbrev    0x000391         0x14 /opt/microchip/xc16/v2.10/bin/bin/../../lib/libc99-pic30-elf.a(addsf3x.XX_o)
 .debug_abbrev    0x0003a5         0x14 /opt/microchip/xc16/v2.10/bin/bin/../../lib/libc99-pic30-elf.a(divsf3x.XX_o)
 .debug_abbrev    0x0003b9         0x14 /opt/microchip/xc16/v2.10/bin/bin/../../lib/libc99-pic30-elf.a(mulsf3x.XX_o)
 .debug_abbrev    0x0003cd         0x14 /opt/microchip/xc16/v2.10/bin/bin/../../lib/libc99-pic30-elf.a(dnrmpackfx.XX_o)
 .debug_abbrev    0x0003e1         0x14 /opt/microchip/xc16/v2.10/bin/bin/../../lib/libc99-pic30-elf.a(unpackdnrmfx.XX_o)
 .debug_abbrev    0x0003f5         0x14 /opt/microchip/xc16/v2.10/bin/bin/../../lib/libc99-pic30-elf.a(typefx.XX_o)
 .debug_abbrev    0x000409         0x14 /opt/microchip/xc16/v2.10/bin/bin/../../lib/libc99-pic30-elf.a(propnanfx.XX_o)
 .debug_abbrev    0x00041d         0x14 /opt/microchip/xc16/v2.10/bin/bin/../../lib/libc99-pic30-elf.a(spackfx.XX_o)
 .debug_abbrev    0x000431         0x14 /opt/microchip/xc16/v2.10/bin/bin/../../lib/libc99-pic30-elf.a(unpackfx.XX_o)
 .debug_abbrev    0x000445         0x14 /opt/microchip/xc16/v2.10/bin/bin/../../lib/libc99-pic30-elf.a(fcompare.XX_o)
 .debug_abbrev    0x000459         0x14 /opt/microchip/xc16/v2.10/bin/bin/../../lib/libc99-pic30-elf.a(floatdisf.XX_o)
 .debug_abbrev    0x00046d         0x14 /opt/microchip/xc16/v2.10/bin/bin/../../lib/libc99-pic30-elf.a(floatundisf.XX_o)
 .debug_abbrev    0x000481         0x14 /opt/microchip/xc16/v2.10/bin/bin/../../lib/libc99-pic30-elf.a(fpack.XX_o)
 .debug_abbrev    0x000495         0x14 /opt/microchip/xc16/v2.10/bin/bin/../../lib/libc99-pic30-elf.a(funpack2.XX_o)

.debug_line       0x000000       0x16ca
 *(.debug_line)
 .debug_line      0x000000        0xd39 build/default/production/main.o
 .debug_line      0x000d39         0x37 /opt/microchip/xc16/v2.10/bin/bin/../../lib/libc99-pic30-elf.a(feqltle.XX_o)
 .debug_line      0x000d70         0x35 /opt/microchip/xc16/v2.10/bin/bin/../../lib/libc99-pic30-elf.a(fgtge.XX_o)
 .debug_line      0x000da5         0x56 /opt/microchip/xc16/v2.10/bin/bin/../../lib/libc99-pic30-elf.a(fixsfsi.XX_o)
 .debug_line      0x000dfb         0x53 /opt/microchip/xc16/v2.10/bin/bin/../../lib/libc99-pic30-elf.a(fixunssfsi.XX_o)
 .debug_line      0x000e4e         0x3a /opt/microchip/xc16/v2.10/bin/bin/../../lib/libc99-pic30-elf.a(floatsisf.XX_o)
 .debug_line      0x000e88         0x3b /opt/microchip/xc16/v2.10/bin/bin/../../lib/libc99-pic30-elf.a(floatunsisf.XX_o)
 .debug_line      0x000ec3         0x33 /opt/microchip/xc16/v2.10/bin/bin/../../lib/libc99-pic30-elf.a(fne.XX_o)
 .debug_line      0x000ef6         0x4a /opt/microchip/xc16/v2.10/bin/bin/../../lib/libc99-pic30-elf.a(funpack.XX_o)
 .debug_line      0x000f40        0x136 /opt/microchip/xc16/v2.10/bin/bin/../../lib/libc99-pic30-elf.a(addsf3x.XX_o)
 .debug_line      0x001076        0x124 /opt/microchip/xc16/v2.10/bin/bin/../../lib/libc99-pic30-elf.a(divsf3x.XX_o)
 .debug_line      0x00119a         0xcc /opt/microchip/xc16/v2.10/bin/bin/../../lib/libc99-pic30-elf.a(mulsf3x.XX_o)
 .debug_line      0x001266         0x72 /opt/microchip/xc16/v2.10/bin/bin/../../lib/libc99-pic30-elf.a(dnrmpackfx.XX_o)
 .debug_line      0x0012d8         0x7a /opt/microchip/xc16/v2.10/bin/bin/../../lib/libc99-pic30-elf.a(unpackdnrmfx.XX_o)
 .debug_line      0x001352         0x5e /opt/microchip/xc16/v2.10/bin/bin/../../lib/libc99-pic30-elf.a(typefx.XX_o)
 .debug_line      0x0013b0         0x51 /opt/microchip/xc16/v2.10/bin/bin/../../lib/libc99-pic30-elf.a(propnanfx.XX_o)
 .debug_line      0x001401         0x98 /opt/microchip/xc16/v2.10/bin/bin/../../lib/libc99-pic30-elf.a(spackfx.XX_o)
 .debug_line      0x001499         0x79 /opt/microchip/xc16/v2.10/bin/bin/../../lib/libc99-pic30-elf.a(unpackfx.XX_o)
 .debug_line      0x001512         0x1a /opt/microchip/xc16/v2.10/bin/bin/../../lib/libc99-pic30-elf.a(errno.XX_o)
 .debug_line      0x00152c         0x53 /opt/microchip/xc16/v2.10/bin/bin/../../lib/libc99-pic30-elf.a(fcompare.XX_o)
 .debug_line      0x00157f         0x47 /opt/microchip/xc16/v2.10/bin/bin/../../lib/libc99-pic30-elf.a(floatdisf.XX_o)
 .debug_line      0x0015c6         0x6c /opt/microchip/xc16/v2.10/bin/bin/../../lib/libc99-pic30-elf.a(floatundisf.XX_o)
 .debug_line      0x001632         0x5a /opt/microchip/xc16/v2.10/bin/bin/../../lib/libc99-pic30-elf.a(fpack.XX_o)
 .debug_line      0x00168c         0x3e /opt/microchip/xc16/v2.10/bin/bin/../../lib/libc99-pic30-elf.a(funpack2.XX_o)

.debug_frame      0x000000        0xe08
 *(.debug_frame)
 .debug_frame     0x000000        0xe08 build/default/production/main.o

.debug_str        0x000000        0x6da
 *(.debug_str)
 .debug_str       0x000000        0x6da build/default/production/main.o

.debug_loc
 *(.debug_loc)

.debug_macinfo
 *(.debug_macinfo)

.debug_pubnames
                  0x000000       0x13ed
 *(.debug_pubnames)
 .debug_pubnames
                  0x000000       0x13ed build/default/production/main.o

.debug_ranges
 *(.debug_ranges)

.debug_aranges    0x000000        0x2d8
 *(.debug_aranges)
 .debug_aranges
                  0x000000         0x18 build/default/production/main.o
 .debug_aranges
                  0x000018         0x20 /opt/microchip/xc16/v2.10/bin/bin/../../lib/libc99-pic30-elf.a(feqltle.XX_o)
 .debug_aranges
                  0x000038         0x20 /opt/microchip/xc16/v2.10/bin/bin/../../lib/libc99-pic30-elf.a(fgtge.XX_o)
 .debug_aranges
                  0x000058         0x20 /opt/microchip/xc16/v2.10/bin/bin/../../lib/libc99-pic30-elf.a(fixsfsi.XX_o)
 .debug_aranges
                  0x000078         0x20 /opt/microchip/xc16/v2.10/bin/bin/../../lib/libc99-pic30-elf.a(fixunssfsi.XX_o)
 .debug_aranges
                  0x000098         0x20 /opt/microchip/xc16/v2.10/bin/bin/../../lib/libc99-pic30-elf.a(floatsisf.XX_o)
 .debug_aranges
                  0x0000b8         0x20 /opt/microchip/xc16/v2.10/bin/bin/../../lib/libc99-pic30-elf.a(floatunsisf.XX_o)
 .debug_aranges
                  0x0000d8         0x20 /opt/microchip/xc16/v2.10/bin/bin/../../lib/libc99-pic30-elf.a(fne.XX_o)
 .debug_aranges
                  0x0000f8         0x20 /opt/microchip/xc16/v2.10/bin/bin/../../lib/libc99-pic30-elf.a(funpack.XX_o)
 .debug_aranges
                  0x000118         0x20 /opt/microchip/xc16/v2.10/bin/bin/../../lib/libc99-pic30-elf.a(addsf3x.XX_o)
 .debug_aranges
                  0x000138         0x20 /opt/microchip/xc16/v2.10/bin/bin/../../lib/libc99-pic30-elf.a(divsf3x.XX_o)
 .debug_aranges
                  0x000158         0x20 /opt/microchip/xc16/v2.10/bin/bin/../../lib/libc99-pic30-elf.a(mulsf3x.XX_o)
 .debug_aranges
                  0x000178         0x20 /opt/microchip/xc16/v2.10/bin/bin/../../lib/libc99-pic30-elf.a(dnrmpackfx.XX_o)
 .debug_aranges
                  0x000198         0x20 /opt/microchip/xc16/v2.10/bin/bin/../../lib/libc99-pic30-elf.a(unpackdnrmfx.XX_o)
 .debug_aranges
                  0x0001b8         0x20 /opt/microchip/xc16/v2.10/bin/bin/../../lib/libc99-pic30-elf.a(typefx.XX_o)
 .debug_aranges
                  0x0001d8         0x20 /opt/microchip/xc16/v2.10/bin/bin/../../lib/libc99-pic30-elf.a(propnanfx.XX_o)
 .debug_aranges
                  0x0001f8         0x20 /opt/microchip/xc16/v2.10/bin/bin/../../lib/libc99-pic30-elf.a(spackfx.XX_o)
 .debug_aranges
                  0x000218         0x20 /opt/microchip/xc16/v2.10/bin/bin/../../lib/libc99-pic30-elf.a(unpackfx.XX_o)
 .debug_aranges
                  0x000238         0x20 /opt/microchip/xc16/v2.10/bin/bin/../../lib/libc99-pic30-elf.a(fcompare.XX_o)
 .debug_aranges
                  0x000258         0x20 /opt/microchip/xc16/v2.10/bin/bin/../../lib/libc99-pic30-elf.a(floatdisf.XX_o)
 .debug_aranges
                  0x000278         0x20 /opt/microchip/xc16/v2.10/bin/bin/../../lib/libc99-pic30-elf.a(floatundisf.XX_o)
 .debug_aranges
                  0x000298         0x20 /opt/microchip/xc16/v2.10/bin/bin/../../lib/libc99-pic30-elf.a(fpack.XX_o)
 .debug_aranges
                  0x0002b8         0x20 /opt/microchip/xc16/v2.10/bin/bin/../../lib/libc99-pic30-elf.a(funpack2.XX_o)
                    0x0000                  WREG0 = 0x0
                    0x0000                  _WREG0 = 0x0
                    0x0002                  WREG1 = 0x2
                    0x0002                  _WREG1 = 0x2
                    0x0004                  WREG2 = 0x4
                    0x0004                  _WREG2 = 0x4
                    0x0006                  WREG3 = 0x6
                    0x0006                  _WREG3 = 0x6
                    0x0008                  WREG4 = 0x8
                    0x0008                  _WREG4 = 0x8
                    0x000a                  WREG5 = 0xa
                    0x000a                  _WREG5 = 0xa
                    0x000c                  WREG6 = 0xc
                    0x000c                  _WREG6 = 0xc
                    0x000e                  WREG7 = 0xe
                    0x000e                  _WREG7 = 0xe
                    0x0010                  WREG8 = 0x10
                    0x0010                  _WREG8 = 0x10
                    0x0012                  WREG9 = 0x12
                    0x0012                  _WREG9 = 0x12
                    0x0014                  WREG10 = 0x14
                    0x0014                  _WREG10 = 0x14
                    0x0016                  WREG11 = 0x16
                    0x0016                  _WREG11 = 0x16
                    0x0018                  WREG12 = 0x18
                    0x0018                  _WREG12 = 0x18
                    0x001a                  WREG13 = 0x1a
                    0x001a                  _WREG13 = 0x1a
                    0x001c                  WREG14 = 0x1c
                    0x001c                  _WREG14 = 0x1c
                    0x001e                  WREG15 = 0x1e
                    0x001e                  _WREG15 = 0x1e
                    0x0020                  SPLIM = 0x20
                    0x0020                  _SPLIM = 0x20
                    0x0022                  ACCAL = 0x22
                    0x0022                  _ACCAL = 0x22
                    0x0024                  ACCAH = 0x24
                    0x0024                  _ACCAH = 0x24
                    0x0026                  ACCAU = 0x26
                    0x0026                  _ACCAU = 0x26
                    0x0028                  ACCBL = 0x28
                    0x0028                  _ACCBL = 0x28
                    0x002a                  ACCBH = 0x2a
                    0x002a                  _ACCBH = 0x2a
                    0x002c                  ACCBU = 0x2c
                    0x002c                  _ACCBU = 0x2c
                    0x002e                  PCL = 0x2e
                    0x002e                  _PCL = 0x2e
                    0x0030                  PCH = 0x30
                    0x0030                  _PCH = 0x30
                    0x0032                  TBLPAG = 0x32
                    0x0032                  _TBLPAG = 0x32
                    0x0034                  PSVPAG = 0x34
                    0x0034                  _PSVPAG = 0x34
                    0x0036                  RCOUNT = 0x36
                    0x0036                  _RCOUNT = 0x36
                    0x0038                  DCOUNT = 0x38
                    0x0038                  _DCOUNT = 0x38
                    0x003a                  DOSTARTL = 0x3a
                    0x003a                  _DOSTARTL = 0x3a
                    0x003c                  DOSTARTH = 0x3c
                    0x003c                  _DOSTARTH = 0x3c
                    0x003e                  DOENDL = 0x3e
                    0x003e                  _DOENDL = 0x3e
                    0x0040                  DOENDH = 0x40
                    0x0040                  _DOENDH = 0x40
                    0x0042                  SR = 0x42
                    0x0042                  _SR = 0x42
                    0x0042                  _SRbits = 0x42
                    0x0044                  CORCON = 0x44
                    0x0044                  _CORCON = 0x44
                    0x0044                  _CORCONbits = 0x44
                    0x0046                  MODCON = 0x46
                    0x0046                  _MODCON = 0x46
                    0x0046                  _MODCONbits = 0x46
                    0x0048                  XMODSRT = 0x48
                    0x0048                  _XMODSRT = 0x48
                    0x004a                  XMODEND = 0x4a
                    0x004a                  _XMODEND = 0x4a
                    0x004c                  YMODSRT = 0x4c
                    0x004c                  _YMODSRT = 0x4c
                    0x004e                  YMODEND = 0x4e
                    0x004e                  _YMODEND = 0x4e
                    0x0050                  XBREV = 0x50
                    0x0050                  _XBREV = 0x50
                    0x0050                  _XBREVbits = 0x50
                    0x0052                  DISICNT = 0x52
                    0x0052                  _DISICNT = 0x52
                    0x0052                  _DISICNTbits = 0x52
                    0x0080                  INTCON1 = 0x80
                    0x0080                  _INTCON1 = 0x80
                    0x0080                  _INTCON1bits = 0x80
                    0x0082                  INTCON2 = 0x82
                    0x0082                  _INTCON2 = 0x82
                    0x0082                  _INTCON2bits = 0x82
                    0x0084                  IFS0 = 0x84
                    0x0084                  _IFS0 = 0x84
                    0x0084                  _IFS0bits = 0x84
                    0x0086                  IFS1 = 0x86
                    0x0086                  _IFS1 = 0x86
                    0x0086                  _IFS1bits = 0x86
                    0x0088                  IFS2 = 0x88
                    0x0088                  _IFS2 = 0x88
                    0x0088                  _IFS2bits = 0x88
                    0x008c                  IEC0 = 0x8c
                    0x008c                  _IEC0 = 0x8c
                    0x008c                  _IEC0bits = 0x8c
                    0x008e                  IEC1 = 0x8e
                    0x008e                  _IEC1 = 0x8e
                    0x008e                  _IEC1bits = 0x8e
                    0x0090                  IEC2 = 0x90
                    0x0090                  _IEC2 = 0x90
                    0x0090                  _IEC2bits = 0x90
                    0x0094                  IPC0 = 0x94
                    0x0094                  _IPC0 = 0x94
                    0x0094                  _IPC0bits = 0x94
                    0x0096                  IPC1 = 0x96
                    0x0096                  _IPC1 = 0x96
                    0x0096                  _IPC1bits = 0x96
                    0x0098                  IPC2 = 0x98
                    0x0098                  _IPC2 = 0x98
                    0x0098                  _IPC2bits = 0x98
                    0x009a                  IPC3 = 0x9a
                    0x009a                  _IPC3 = 0x9a
                    0x009a                  _IPC3bits = 0x9a
                    0x009c                  IPC4 = 0x9c
                    0x009c                  _IPC4 = 0x9c
                    0x009c                  _IPC4bits = 0x9c
                    0x009e                  IPC5 = 0x9e
                    0x009e                  _IPC5 = 0x9e
                    0x009e                  _IPC5bits = 0x9e
                    0x00a0                  IPC6 = 0xa0
                    0x00a0                  _IPC6 = 0xa0
                    0x00a0                  _IPC6bits = 0xa0
                    0x00a6                  IPC9 = 0xa6
                    0x00a6                  _IPC9 = 0xa6
                    0x00a6                  _IPC9bits = 0xa6
                    0x00a8                  IPC10 = 0xa8
                    0x00a8                  _IPC10 = 0xa8
                    0x00a8                  _IPC10bits = 0xa8
                    0x00b0                  INTTREG = 0xb0
                    0x00b0                  _INTTREG = 0xb0
                    0x00b0                  _INTTREGbits = 0xb0
                    0x00c0                  CNEN1 = 0xc0
                    0x00c0                  _CNEN1 = 0xc0
                    0x00c0                  _CNEN1bits = 0xc0
                    0x00c2                  CNEN2 = 0xc2
                    0x00c2                  _CNEN2 = 0xc2
                    0x00c2                  _CNEN2bits = 0xc2
                    0x00c4                  CNPU1 = 0xc4
                    0x00c4                  _CNPU1 = 0xc4
                    0x00c4                  _CNPU1bits = 0xc4
                    0x00c6                  CNPU2 = 0xc6
                    0x00c6                  _CNPU2 = 0xc6
                    0x00c6                  _CNPU2bits = 0xc6
                    0x0100                  TMR1 = 0x100
                    0x0100                  _TMR1 = 0x100
                    0x0102                  PR1 = 0x102
                    0x0102                  _PR1 = 0x102
                    0x0104                  T1CON = 0x104
                    0x0104                  _T1CON = 0x104
                    0x0104                  _T1CONbits = 0x104
                    0x0106                  TMR2 = 0x106
                    0x0106                  _TMR2 = 0x106
                    0x0108                  TMR3HLD = 0x108
                    0x0108                  _TMR3HLD = 0x108
                    0x010a                  TMR3 = 0x10a
                    0x010a                  _TMR3 = 0x10a
                    0x010c                  PR2 = 0x10c
                    0x010c                  _PR2 = 0x10c
                    0x010e                  PR3 = 0x10e
                    0x010e                  _PR3 = 0x10e
                    0x0110                  T2CON = 0x110
                    0x0110                  _T2CON = 0x110
                    0x0110                  _T2CONbits = 0x110
                    0x0112                  T3CON = 0x112
                    0x0112                  _T3CON = 0x112
                    0x0112                  _T3CONbits = 0x112
                    0x0114                  TMR4 = 0x114
                    0x0114                  _TMR4 = 0x114
                    0x0116                  TMR5HLD = 0x116
                    0x0116                  _TMR5HLD = 0x116
                    0x0118                  TMR5 = 0x118
                    0x0118                  _TMR5 = 0x118
                    0x011a                  PR4 = 0x11a
                    0x011a                  _PR4 = 0x11a
                    0x011c                  PR5 = 0x11c
                    0x011c                  _PR5 = 0x11c
                    0x011e                  T4CON = 0x11e
                    0x011e                  _T4CON = 0x11e
                    0x011e                  _T4CONbits = 0x11e
                    0x0120                  T5CON = 0x120
                    0x0120                  _T5CON = 0x120
                    0x0120                  _T5CONbits = 0x120
                    0x0122                  QEICON = 0x122
                    0x0122                  _QEICON = 0x122
                    0x0122                  _QEICONbits = 0x122
                    0x0124                  DFLTCON = 0x124
                    0x0124                  _DFLTCON = 0x124
                    0x0124                  _DFLTCONbits = 0x124
                    0x0126                  POSCNT = 0x126
                    0x0126                  _POSCNT = 0x126
                    0x0128                  MAXCNT = 0x128
                    0x0128                  _MAXCNT = 0x128
                    0x0140                  IC1BUF = 0x140
                    0x0140                  _IC1BUF = 0x140
                    0x0142                  IC1CON = 0x142
                    0x0142                  _IC1CON = 0x142
                    0x0142                  _IC1CONbits = 0x142
                    0x0144                  IC2BUF = 0x144
                    0x0144                  _IC2BUF = 0x144
                    0x0146                  IC2CON = 0x146
                    0x0146                  _IC2CON = 0x146
                    0x0146                  _IC2CONbits = 0x146
                    0x0158                  IC7BUF = 0x158
                    0x0158                  _IC7BUF = 0x158
                    0x015a                  IC7CON = 0x15a
                    0x015a                  _IC7CON = 0x15a
                    0x015a                  _IC7CONbits = 0x15a
                    0x015c                  IC8BUF = 0x15c
                    0x015c                  _IC8BUF = 0x15c
                    0x015e                  IC8CON = 0x15e
                    0x015e                  _IC8CON = 0x15e
                    0x015e                  _IC8CONbits = 0x15e
                    0x0180                  OC1RS = 0x180
                    0x0180                  _OC1RS = 0x180
                    0x0182                  OC1R = 0x182
                    0x0182                  _OC1R = 0x182
                    0x0184                  OC1CON = 0x184
                    0x0184                  _OC1CON = 0x184
                    0x0184                  _OC1CONbits = 0x184
                    0x0186                  OC2RS = 0x186
                    0x0186                  _OC2RS = 0x186
                    0x0188                  OC2R = 0x188
                    0x0188                  _OC2R = 0x188
                    0x018a                  OC2CON = 0x18a
                    0x018a                  _OC2CON = 0x18a
                    0x018a                  _OC2CONbits = 0x18a
                    0x018c                  OC3RS = 0x18c
                    0x018c                  _OC3RS = 0x18c
                    0x018e                  OC3R = 0x18e
                    0x018e                  _OC3R = 0x18e
                    0x0190                  OC3CON = 0x190
                    0x0190                  _OC3CON = 0x190
                    0x0190                  _OC3CONbits = 0x190
                    0x0192                  OC4RS = 0x192
                    0x0192                  _OC4RS = 0x192
                    0x0194                  OC4R = 0x194
                    0x0194                  _OC4R = 0x194
                    0x0196                  OC4CON = 0x196
                    0x0196                  _OC4CON = 0x196
                    0x0196                  _OC4CONbits = 0x196
                    0x01c0                  PTCON = 0x1c0
                    0x01c0                  _PTCON = 0x1c0
                    0x01c0                  _PTCONbits = 0x1c0
                    0x01c2                  PTMR = 0x1c2
                    0x01c2                  _PTMR = 0x1c2
                    0x01c2                  _PTMRbits = 0x1c2
                    0x01c4                  PTPER = 0x1c4
                    0x01c4                  _PTPER = 0x1c4
                    0x01c4                  _PTPERbits = 0x1c4
                    0x01c6                  SEVTCMP = 0x1c6
                    0x01c6                  _SEVTCMP = 0x1c6
                    0x01c6                  _SEVTCMPbits = 0x1c6
                    0x01c8                  PWMCON1 = 0x1c8
                    0x01c8                  _PWMCON1 = 0x1c8
                    0x01c8                  _PWMCON1bits = 0x1c8
                    0x01ca                  PWMCON2 = 0x1ca
                    0x01ca                  _PWMCON2 = 0x1ca
                    0x01ca                  _PWMCON2bits = 0x1ca
                    0x01cc                  DTCON1 = 0x1cc
                    0x01cc                  _DTCON1 = 0x1cc
                    0x01cc                  _DTCON1bits = 0x1cc
                    0x01d0                  FLTACON = 0x1d0
                    0x01d0                  _FLTACON = 0x1d0
                    0x01d0                  _FLTACONbits = 0x1d0
                    0x01d4                  OVDCON = 0x1d4
                    0x01d4                  _OVDCON = 0x1d4
                    0x01d4                  _OVDCONbits = 0x1d4
                    0x01d6                  PDC1 = 0x1d6
                    0x01d6                  _PDC1 = 0x1d6
                    0x01d8                  PDC2 = 0x1d8
                    0x01d8                  _PDC2 = 0x1d8
                    0x01da                  PDC3 = 0x1da
                    0x01da                  _PDC3 = 0x1da
                    0x0200                  I2CRCV = 0x200
                    0x0200                  _I2CRCV = 0x200
                    0x0200                  _I2CRCVbits = 0x200
                    0x0202                  I2CTRN = 0x202
                    0x0202                  _I2CTRN = 0x202
                    0x0202                  _I2CTRNbits = 0x202
                    0x0204                  I2CBRG = 0x204
                    0x0204                  _I2CBRG = 0x204
                    0x0204                  _I2CBRGbits = 0x204
                    0x0206                  I2CCON = 0x206
                    0x0206                  _I2CCON = 0x206
                    0x0206                  _I2CCONbits = 0x206
                    0x0208                  I2CSTAT = 0x208
                    0x0208                  _I2CSTAT = 0x208
                    0x0208                  _I2CSTATbits = 0x208
                    0x020a                  I2CADD = 0x20a
                    0x020a                  _I2CADD = 0x20a
                    0x020a                  _I2CADDbits = 0x20a
                    0x020c                  U1MODE = 0x20c
                    0x020c                  _U1MODE = 0x20c
                    0x020c                  _U1MODEbits = 0x20c
                    0x020e                  U1STA = 0x20e
                    0x020e                  _U1STA = 0x20e
                    0x020e                  _U1STAbits = 0x20e
                    0x0210                  U1TXREG = 0x210
                    0x0210                  _U1TXREG = 0x210
                    0x0210                  _U1TXREGbits = 0x210
                    0x0212                  U1RXREG = 0x212
                    0x0212                  _U1RXREG = 0x212
                    0x0212                  _U1RXREGbits = 0x212
                    0x0214                  U1BRG = 0x214
                    0x0214                  _U1BRG = 0x214
                    0x0216                  U2MODE = 0x216
                    0x0216                  _U2MODE = 0x216
                    0x0216                  _U2MODEbits = 0x216
                    0x0218                  U2STA = 0x218
                    0x0218                  _U2STA = 0x218
                    0x0218                  _U2STAbits = 0x218
                    0x021a                  U2TXREG = 0x21a
                    0x021a                  _U2TXREG = 0x21a
                    0x021a                  _U2TXREGbits = 0x21a
                    0x021c                  U2RXREG = 0x21c
                    0x021c                  _U2RXREG = 0x21c
                    0x021c                  _U2RXREGbits = 0x21c
                    0x021e                  U2BRG = 0x21e
                    0x021e                  _U2BRG = 0x21e
                    0x0220                  SPI1STAT = 0x220
                    0x0220                  _SPI1STAT = 0x220
                    0x0220                  _SPI1STATbits = 0x220
                    0x0222                  SPI1CON = 0x222
                    0x0222                  _SPI1CON = 0x222
                    0x0222                  _SPI1CONbits = 0x222
                    0x0224                  SPI1BUF = 0x224
                    0x0224                  _SPI1BUF = 0x224
                    0x0280                  ADCBUF0 = 0x280
                    0x0280                  _ADCBUF0 = 0x280
                    0x0282                  ADCBUF1 = 0x282
                    0x0282                  _ADCBUF1 = 0x282
                    0x0284                  ADCBUF2 = 0x284
                    0x0284                  _ADCBUF2 = 0x284
                    0x0286                  ADCBUF3 = 0x286
                    0x0286                  _ADCBUF3 = 0x286
                    0x0288                  ADCBUF4 = 0x288
                    0x0288                  _ADCBUF4 = 0x288
                    0x028a                  ADCBUF5 = 0x28a
                    0x028a                  _ADCBUF5 = 0x28a
                    0x028c                  ADCBUF6 = 0x28c
                    0x028c                  _ADCBUF6 = 0x28c
                    0x028e                  ADCBUF7 = 0x28e
                    0x028e                  _ADCBUF7 = 0x28e
                    0x0290                  ADCBUF8 = 0x290
                    0x0290                  _ADCBUF8 = 0x290
                    0x0292                  ADCBUF9 = 0x292
                    0x0292                  _ADCBUF9 = 0x292
                    0x0294                  ADCBUFA = 0x294
                    0x0294                  _ADCBUFA = 0x294
                    0x0296                  ADCBUFB = 0x296
                    0x0296                  _ADCBUFB = 0x296
                    0x0298                  ADCBUFC = 0x298
                    0x0298                  _ADCBUFC = 0x298
                    0x029a                  ADCBUFD = 0x29a
                    0x029a                  _ADCBUFD = 0x29a
                    0x029c                  ADCBUFE = 0x29c
                    0x029c                  _ADCBUFE = 0x29c
                    0x029e                  ADCBUFF = 0x29e
                    0x029e                  _ADCBUFF = 0x29e
                    0x02a0                  ADCON1 = 0x2a0
                    0x02a0                  _ADCON1 = 0x2a0
                    0x02a0                  _ADCON1bits = 0x2a0
                    0x02a2                  ADCON2 = 0x2a2
                    0x02a2                  _ADCON2 = 0x2a2
                    0x02a2                  _ADCON2bits = 0x2a2
                    0x02a4                  ADCON3 = 0x2a4
                    0x02a4                  _ADCON3 = 0x2a4
                    0x02a4                  _ADCON3bits = 0x2a4
                    0x02a6                  ADCHS = 0x2a6
                    0x02a6                  _ADCHS = 0x2a6
                    0x02a6                  _ADCHSbits = 0x2a6
                    0x02a8                  ADPCFG = 0x2a8
                    0x02a8                  _ADPCFG = 0x2a8
                    0x02a8                  _ADPCFGbits = 0x2a8
                    0x02aa                  ADCSSL = 0x2aa
                    0x02aa                  _ADCSSL = 0x2aa
                    0x02aa                  _ADCSSLbits = 0x2aa
                    0x02c6                  TRISB = 0x2c6
                    0x02c6                  _TRISB = 0x2c6
                    0x02c6                  _TRISBbits = 0x2c6
                    0x02c8                  PORTB = 0x2c8
                    0x02c8                  _PORTB = 0x2c8
                    0x02c8                  _PORTBbits = 0x2c8
                    0x02ca                  LATB = 0x2ca
                    0x02ca                  _LATB = 0x2ca
                    0x02ca                  _LATBbits = 0x2ca
                    0x02cc                  TRISC = 0x2cc
                    0x02cc                  _TRISC = 0x2cc
                    0x02cc                  _TRISCbits = 0x2cc
                    0x02ce                  PORTC = 0x2ce
                    0x02ce                  _PORTC = 0x2ce
                    0x02ce                  _PORTCbits = 0x2ce
                    0x02d0                  LATC = 0x2d0
                    0x02d0                  _LATC = 0x2d0
                    0x02d0                  _LATCbits = 0x2d0
                    0x02d2                  TRISD = 0x2d2
                    0x02d2                  _TRISD = 0x2d2
                    0x02d2                  _TRISDbits = 0x2d2
                    0x02d4                  PORTD = 0x2d4
                    0x02d4                  _PORTD = 0x2d4
                    0x02d4                  _PORTDbits = 0x2d4
                    0x02d6                  LATD = 0x2d6
                    0x02d6                  _LATD = 0x2d6
                    0x02d6                  _LATDbits = 0x2d6
                    0x02d8                  TRISE = 0x2d8
                    0x02d8                  _TRISE = 0x2d8
                    0x02d8                  _TRISEbits = 0x2d8
                    0x02da                  PORTE = 0x2da
                    0x02da                  _PORTE = 0x2da
                    0x02da                  _PORTEbits = 0x2da
                    0x02dc                  LATE = 0x2dc
                    0x02dc                  _LATE = 0x2dc
                    0x02dc                  _LATEbits = 0x2dc
                    0x02de                  TRISF = 0x2de
                    0x02de                  _TRISF = 0x2de
                    0x02de                  _TRISFbits = 0x2de
                    0x02e0                  PORTF = 0x2e0
                    0x02e0                  _PORTF = 0x2e0
                    0x02e0                  _PORTFbits = 0x2e0
                    0x02e2                  LATF = 0x2e2
                    0x02e2                  _LATF = 0x2e2
                    0x02e2                  _LATFbits = 0x2e2
                    0x0300                  C1RXF0SID = 0x300
                    0x0300                  _C1RXF0SID = 0x300
                    0x0300                  _C1RXF0SIDbits = 0x300
                    0x0302                  C1RXF0EIDH = 0x302
                    0x0302                  _C1RXF0EIDH = 0x302
                    0x0302                  _C1RXF0EIDHbits = 0x302
                    0x0304                  C1RXF0EIDL = 0x304
                    0x0304                  _C1RXF0EIDL = 0x304
                    0x0304                  _C1RXF0EIDLbits = 0x304
                    0x0308                  C1RXF1SID = 0x308
                    0x0308                  _C1RXF1SID = 0x308
                    0x0308                  _C1RXF1SIDbits = 0x308
                    0x030a                  C1RXF1EIDH = 0x30a
                    0x030a                  _C1RXF1EIDH = 0x30a
                    0x030a                  _C1RXF1EIDHbits = 0x30a
                    0x030c                  C1RXF1EIDL = 0x30c
                    0x030c                  _C1RXF1EIDL = 0x30c
                    0x030c                  _C1RXF1EIDLbits = 0x30c
                    0x0310                  C1RXF2SID = 0x310
                    0x0310                  _C1RXF2SID = 0x310
                    0x0310                  _C1RXF2SIDbits = 0x310
                    0x0312                  C1RXF2EIDH = 0x312
                    0x0312                  _C1RXF2EIDH = 0x312
                    0x0312                  _C1RXF2EIDHbits = 0x312
                    0x0314                  C1RXF2EIDL = 0x314
                    0x0314                  _C1RXF2EIDL = 0x314
                    0x0314                  _C1RXF2EIDLbits = 0x314
                    0x0318                  C1RXF3SID = 0x318
                    0x0318                  _C1RXF3SID = 0x318
                    0x0318                  _C1RXF3SIDbits = 0x318
                    0x031a                  C1RXF3EIDH = 0x31a
                    0x031a                  _C1RXF3EIDH = 0x31a
                    0x031a                  _C1RXF3EIDHbits = 0x31a
                    0x031c                  C1RXF3EIDL = 0x31c
                    0x031c                  _C1RXF3EIDL = 0x31c
                    0x031c                  _C1RXF3EIDLbits = 0x31c
                    0x0320                  C1RXF4SID = 0x320
                    0x0320                  _C1RXF4SID = 0x320
                    0x0320                  _C1RXF4SIDbits = 0x320
                    0x0322                  C1RXF4EIDH = 0x322
                    0x0322                  _C1RXF4EIDH = 0x322
                    0x0322                  _C1RXF4EIDHbits = 0x322
                    0x0324                  C1RXF4EIDL = 0x324
                    0x0324                  _C1RXF4EIDL = 0x324
                    0x0324                  _C1RXF4EIDLbits = 0x324
                    0x0328                  C1RXF5SID = 0x328
                    0x0328                  _C1RXF5SID = 0x328
                    0x0328                  _C1RXF5SIDbits = 0x328
                    0x032a                  C1RXF5EIDH = 0x32a
                    0x032a                  _C1RXF5EIDH = 0x32a
                    0x032a                  _C1RXF5EIDHbits = 0x32a
                    0x032c                  C1RXF5EIDL = 0x32c
                    0x032c                  _C1RXF5EIDL = 0x32c
                    0x032c                  _C1RXF5EIDLbits = 0x32c
                    0x0330                  C1RXM0SID = 0x330
                    0x0330                  _C1RXM0SID = 0x330
                    0x0330                  _C1RXM0SIDbits = 0x330
                    0x0332                  C1RXM0EIDH = 0x332
                    0x0332                  _C1RXM0EIDH = 0x332
                    0x0332                  _C1RXM0EIDHbits = 0x332
                    0x0334                  C1RXM0EIDL = 0x334
                    0x0334                  _C1RXM0EIDL = 0x334
                    0x0334                  _C1RXM0EIDLbits = 0x334
                    0x0338                  C1RXM1SID = 0x338
                    0x0338                  _C1RXM1SID = 0x338
                    0x0338                  _C1RXM1SIDbits = 0x338
                    0x033a                  C1RXM1EIDH = 0x33a
                    0x033a                  _C1RXM1EIDH = 0x33a
                    0x033a                  _C1RXM1EIDHbits = 0x33a
                    0x033c                  C1RXM1EIDL = 0x33c
                    0x033c                  _C1RXM1EIDL = 0x33c
                    0x033c                  _C1RXM1EIDLbits = 0x33c
                    0x0340                  C1TX2SID = 0x340
                    0x0340                  _C1TX2SID = 0x340
                    0x0340                  _C1TX2SIDbits = 0x340
                    0x0342                  C1TX2EID = 0x342
                    0x0342                  _C1TX2EID = 0x342
                    0x0342                  _C1TX2EIDbits = 0x342
                    0x0344                  C1TX2DLC = 0x344
                    0x0344                  _C1TX2DLC = 0x344
                    0x0344                  _C1TX2DLCbits = 0x344
                    0x0346                  C1TX2B1 = 0x346
                    0x0346                  _C1TX2B1 = 0x346
                    0x0346                  _C1TX2B1bits = 0x346
                    0x0348                  C1TX2B2 = 0x348
                    0x0348                  _C1TX2B2 = 0x348
                    0x0348                  _C1TX2B2bits = 0x348
                    0x034a                  C1TX2B3 = 0x34a
                    0x034a                  _C1TX2B3 = 0x34a
                    0x034a                  _C1TX2B3bits = 0x34a
                    0x034c                  C1TX2B4 = 0x34c
                    0x034c                  _C1TX2B4 = 0x34c
                    0x034c                  _C1TX2B4bits = 0x34c
                    0x034e                  C1TX2CON = 0x34e
                    0x034e                  _C1TX2CON = 0x34e
                    0x034e                  _C1TX2CONbits = 0x34e
                    0x0350                  C1TX1SID = 0x350
                    0x0350                  _C1TX1SID = 0x350
                    0x0350                  _C1TX1SIDbits = 0x350
                    0x0352                  C1TX1EID = 0x352
                    0x0352                  _C1TX1EID = 0x352
                    0x0352                  _C1TX1EIDbits = 0x352
                    0x0354                  C1TX1DLC = 0x354
                    0x0354                  _C1TX1DLC = 0x354
                    0x0354                  _C1TX1DLCbits = 0x354
                    0x0356                  C1TX1B1 = 0x356
                    0x0356                  _C1TX1B1 = 0x356
                    0x0356                  _C1TX1B1bits = 0x356
                    0x0358                  C1TX1B2 = 0x358
                    0x0358                  _C1TX1B2 = 0x358
                    0x0358                  _C1TX1B2bits = 0x358
                    0x035a                  C1TX1B3 = 0x35a
                    0x035a                  _C1TX1B3 = 0x35a
                    0x035a                  _C1TX1B3bits = 0x35a
                    0x035c                  C1TX1B4 = 0x35c
                    0x035c                  _C1TX1B4 = 0x35c
                    0x035c                  _C1TX1B4bits = 0x35c
                    0x035e                  C1TX1CON = 0x35e
                    0x035e                  _C1TX1CON = 0x35e
                    0x035e                  _C1TX1CONbits = 0x35e
                    0x0360                  C1TX0SID = 0x360
                    0x0360                  _C1TX0SID = 0x360
                    0x0360                  _C1TX0SIDbits = 0x360
                    0x0362                  C1TX0EID = 0x362
                    0x0362                  _C1TX0EID = 0x362
                    0x0362                  _C1TX0EIDbits = 0x362
                    0x0364                  C1TX0DLC = 0x364
                    0x0364                  _C1TX0DLC = 0x364
                    0x0364                  _C1TX0DLCbits = 0x364
                    0x0366                  C1TX0B1 = 0x366
                    0x0366                  _C1TX0B1 = 0x366
                    0x0366                  _C1TX0B1bits = 0x366
                    0x0368                  C1TX0B2 = 0x368
                    0x0368                  _C1TX0B2 = 0x368
                    0x0368                  _C1TX0B2bits = 0x368
                    0x036a                  C1TX0B3 = 0x36a
                    0x036a                  _C1TX0B3 = 0x36a
                    0x036a                  _C1TX0B3bits = 0x36a
                    0x036c                  C1TX0B4 = 0x36c
                    0x036c                  _C1TX0B4 = 0x36c
                    0x036c                  _C1TX0B4bits = 0x36c
                    0x036e                  C1TX0CON = 0x36e
                    0x036e                  _C1TX0CON = 0x36e
                    0x036e                  _C1TX0CONbits = 0x36e
                    0x0370                  C1RX1SID = 0x370
                    0x0370                  _C1RX1SID = 0x370
                    0x0370                  _C1RX1SIDbits = 0x370
                    0x0372                  C1RX1EID = 0x372
                    0x0372                  _C1RX1EID = 0x372
                    0x0372                  _C1RX1EIDbits = 0x372
                    0x0374                  C1RX1DLC = 0x374
                    0x0374                  _C1RX1DLC = 0x374
                    0x0374                  _C1RX1DLCbits = 0x374
                    0x0376                  C1RX1B1 = 0x376
                    0x0376                  _C1RX1B1 = 0x376
                    0x0376                  _C1RX1B1bits = 0x376
                    0x0378                  C1RX1B2 = 0x378
                    0x0378                  _C1RX1B2 = 0x378
                    0x0378                  _C1RX1B2bits = 0x378
                    0x037a                  C1RX1B3 = 0x37a
                    0x037a                  _C1RX1B3 = 0x37a
                    0x037a                  _C1RX1B3bits = 0x37a
                    0x037c                  C1RX1B4 = 0x37c
                    0x037c                  _C1RX1B4 = 0x37c
                    0x037c                  _C1RX1B4bits = 0x37c
                    0x037e                  C1RX1CON = 0x37e
                    0x037e                  _C1RX1CON = 0x37e
                    0x037e                  _C1RX1CONbits = 0x37e
                    0x0380                  C1RX0SID = 0x380
                    0x0380                  _C1RX0SID = 0x380
                    0x0380                  _C1RX0SIDbits = 0x380
                    0x0382                  C1RX0EID = 0x382
                    0x0382                  _C1RX0EID = 0x382
                    0x0382                  _C1RX0EIDbits = 0x382
                    0x0384                  C1RX0DLC = 0x384
                    0x0384                  _C1RX0DLC = 0x384
                    0x0384                  _C1RX0DLCbits = 0x384
                    0x0386                  C1RX0B1 = 0x386
                    0x0386                  _C1RX0B1 = 0x386
                    0x0386                  _C1RX0B1bits = 0x386
                    0x0388                  C1RX0B2 = 0x388
                    0x0388                  _C1RX0B2 = 0x388
                    0x0388                  _C1RX0B2bits = 0x388
                    0x038a                  C1RX0B3 = 0x38a
                    0x038a                  _C1RX0B3 = 0x38a
                    0x038a                  _C1RX0B3bits = 0x38a
                    0x038c                  C1RX0B4 = 0x38c
                    0x038c                  _C1RX0B4 = 0x38c
                    0x038c                  _C1RX0B4bits = 0x38c
                    0x038e                  C1RX0CON = 0x38e
                    0x038e                  _C1RX0CON = 0x38e
                    0x038e                  _C1RX0CONbits = 0x38e
                    0x0390                  C1CTRL = 0x390
                    0x0390                  _C1CTRL = 0x390
                    0x0390                  _C1CTRLbits = 0x390
                    0x0392                  C1CFG1 = 0x392
                    0x0392                  _C1CFG1 = 0x392
                    0x0392                  _C1CFG1bits = 0x392
                    0x0394                  C1CFG2 = 0x394
                    0x0394                  _C1CFG2 = 0x394
                    0x0394                  _C1CFG2bits = 0x394
                    0x0396                  C1INTF = 0x396
                    0x0396                  _C1INTF = 0x396
                    0x0396                  _C1INTFbits = 0x396
                    0x0398                  C1INTE = 0x398
                    0x0398                  _C1INTE = 0x398
                    0x0398                  _C1INTEbits = 0x398
                    0x039a                  C1EC = 0x39a
                    0x039a                  _C1EC = 0x39a
                    0x039a                  _C1ECbits = 0x39a
                    0x039a                  C1RERRCNT = 0x39a
                    0x039a                  _C1RERRCNT = 0x39a
                    0x039b                  C1TERRCNT = 0x39b
                    0x039b                  _C1TERRCNT = 0x39b
                    0x0740                  RCON = 0x740
                    0x0740                  _RCON = 0x740
                    0x0740                  _RCONbits = 0x740
                    0x0742                  OSCCON = 0x742
                    0x0742                  _OSCCON = 0x742
                    0x0742                  _OSCCONbits = 0x742
                    0x0742                  OSCCONL = 0x742
                    0x0742                  _OSCCONL = 0x742
                    0x0743                  OSCCONH = 0x743
                    0x0743                  _OSCCONH = 0x743
                    0x0760                  NVMCON = 0x760
                    0x0760                  _NVMCON = 0x760
                    0x0760                  _NVMCONbits = 0x760
                    0x0762                  NVMADR = 0x762
                    0x0762                  _NVMADR = 0x762
                    0x0764                  NVMADRU = 0x764
                    0x0764                  _NVMADRU = 0x764
                    0x0764                  _NVMADRUbits = 0x764
                    0x0766                  NVMKEY = 0x766
                    0x0766                  _NVMKEY = 0x766
                    0x0770                  PMD1 = 0x770
                    0x0770                  _PMD1 = 0x770
                    0x0770                  _PMD1bits = 0x770
                    0x0772                  PMD2 = 0x772
                    0x0772                  _PMD2 = 0x772
                    0x0772                  _PMD2bits = 0x772
                    0x0022                  ACCA = 0x22
                    0x0022                  _ACCA = 0x22
                    0x0028                  ACCB = 0x28
                    0x0028                  _ACCB = 0x28
                    0x0300                  CAN1 = 0x300
                    0x0300                  _CAN1 = 0x300
                    0x0140                  IC1 = 0x140
                    0x0140                  _IC1 = 0x140
                    0x0144                  IC2 = 0x144
                    0x0144                  _IC2 = 0x144
                    0x0158                  IC7 = 0x158
                    0x0158                  _IC7 = 0x158
                    0x015c                  IC8 = 0x15c
                    0x015c                  _IC8 = 0x15c
                    0x0180                  OC1 = 0x180
                    0x0180                  _OC1 = 0x180
                    0x0186                  OC2 = 0x186
                    0x0186                  _OC2 = 0x186
                    0x018c                  OC3 = 0x18c
                    0x018c                  _OC3 = 0x18c
                    0x0192                  OC4 = 0x192
                    0x0192                  _OC4 = 0x192
                    0x0220                  SPI1 = 0x220
                    0x0220                  _SPI1 = 0x220
                    0x020c                  UART1 = 0x20c
                    0x020c                  _UART1 = 0x20c
                    0x0216                  UART2 = 0x216
                    0x0216                  _UART2 = 0x216
START GROUP
LOAD /opt/microchip/xc16/v2.10/bin/bin/../../lib/libc99-pic30-elf.a
LOAD /opt/microchip/xc16/v2.10/bin/bin/../../lib/libm-elf.a
LOAD /opt/microchip/xc16/v2.10/bin/bin/../../lib/libc99-elf.a
END GROUP
OUTPUT(dist/default/production/EVBatteryCTRLv1.X.production.elf elf32-pic30)
LOAD /CW/_FGSHr+RV
LOAD data_init

.debug_pubtypes
                  0x0002d8        0x516
 .debug_pubtypes
                  0x0002d8        0x516 build/default/production/main.o

__c30_signature
                  0x0007ee         0x66
 __c30_signature
                  0x0007ee          0x6 build/default/production/main.o
 __c30_signature
                  0x0007f4          0x6 /opt/microchip/xc16/v2.10/bin/bin/../../lib/libc99-pic30-elf.a(crt0_standard.o)
 __c30_signature
                  0x0007fa          0x6 /opt/microchip/xc16/v2.10/bin/bin/../../lib/libc99-pic30-elf.a(data_init_standard.o)
 __c30_signature
                  0x000800          0x6 /opt/microchip/xc16/v2.10/bin/bin/../../lib/libc99-pic30-elf.a(feqltle.XX_o)
 __c30_signature
                  0x000806          0x6 /opt/microchip/xc16/v2.10/bin/bin/../../lib/libc99-pic30-elf.a(fgtge.XX_o)
 __c30_signature
                  0x00080c          0x6 /opt/microchip/xc16/v2.10/bin/bin/../../lib/libc99-pic30-elf.a(fixsfsi.XX_o)
 __c30_signature
                  0x000812          0x6 /opt/microchip/xc16/v2.10/bin/bin/../../lib/libc99-pic30-elf.a(fixunssfsi.XX_o)
 __c30_signature
                  0x000818          0x6 /opt/microchip/xc16/v2.10/bin/bin/../../lib/libc99-pic30-elf.a(floatsisf.XX_o)
 __c30_signature
                  0x00081e          0x6 /opt/microchip/xc16/v2.10/bin/bin/../../lib/libc99-pic30-elf.a(floatunsisf.XX_o)
 __c30_signature
                  0x000824          0x6 /opt/microchip/xc16/v2.10/bin/bin/../../lib/libc99-pic30-elf.a(fne.XX_o)
 __c30_signature
                  0x00082a          0x6 /opt/microchip/xc16/v2.10/bin/bin/../../lib/libc99-pic30-elf.a(funpack.XX_o)
 __c30_signature
                  0x000830          0x6 /opt/microchip/xc16/v2.10/bin/bin/../../lib/libc99-pic30-elf.a(errno.XX_o)
 __c30_signature
                  0x000836          0x6 /opt/microchip/xc16/v2.10/bin/bin/../../lib/libc99-pic30-elf.a(fcompare.XX_o)
 __c30_signature
                  0x00083c          0x6 /opt/microchip/xc16/v2.10/bin/bin/../../lib/libc99-pic30-elf.a(floatdisf.XX_o)
 __c30_signature
                  0x000842          0x6 /opt/microchip/xc16/v2.10/bin/bin/../../lib/libc99-pic30-elf.a(floatundisf.XX_o)
 __c30_signature
                  0x000848          0x6 /opt/microchip/xc16/v2.10/bin/bin/../../lib/libc99-pic30-elf.a(fpack.XX_o)
 __c30_signature
                  0x00084e          0x6 /opt/microchip/xc16/v2.10/bin/bin/../../lib/libc99-pic30-elf.a(funpack2.XX_o)

.nbss               0x0800        0x3f6
 .nbss              0x0800        0x3f6 build/default/production/main.o
                    0x0800                  _chrge_rate
                    0x0804                  _resistor_divide_const
                    0x0808                  _pack_target_voltage
                    0x080c                  _Bcurrent_compensate
                    0x0810                  _Ccurrent_compensate
                    0x0814                  _CavgVolt
                    0x0818                  _BavgCurnt
                    0x081c                  _CavgCurnt
                    0x0820                  _CavgCurnt_temp
                    0x0824                  _avgBTemp
                    0x0828                  _avgSTemp
                    0x082c                  _bt_crnt_avg_temp
                    0x0830                  _bt_vltg_avg_temp
                    0x0834                  _Max_Charger_Current
                    0x0838                  _Charger_Target_Voltage
                    0x083c                  _Half_ref
                    0x0840                  _analog_const
                    0x0844                  _ch_dynamic_crnt_limit
                    0x0848                  _PWM_MaxBoost
                    0x084a                  _ch_reset_timer
                    0x084b                  _soft_OVC_Timer
                    0x084c                  _precharge_timer
                    0x084d                  _avg_cnt
                    0x084e                  _avg_rdy
                    0x084f                  _analog_avg_cnt
                    0x0850                  _curnt_cal_stage
                    0x0851                  _Ccurnt_cal_stage
                    0x0852                  _DeepSleepTimer
                    0x0853                  _PowerOffTimer
                    0x0854                  _cfg_space
                    0x0855                  _vr_space
                    0x0856                  _dsky_space
                    0x0857                  _v_test
                    0x0858                  _first_cal
                    0x0859                  _Run_Level
                    0x085a                  _ch_cycle
                    0x085b                  _slowINHIBIT_Timer
                    0x085c                  _button_timer
                    0x085e                  _charge_power
                    0x0860                  _ch_boost_power
                    0x0862                  _heat_power
                    0x0864                  _COND
                    0x0866                  _STING
                    0x0868                  _Flags
                    0x086a                  _BlinknLights
                    0x086b                  _mult_timer
                    0x086c                  _Ballance_LEDS
                    0x086e                  _tx_float
                    0x0876                  _Buff_index
                    0x087a                  _StempIndex
                    0x087e                  _FtempIndex
                    0x0882                  _nibble
                    0x088a                  _float_out
                    0x089a                  _config_space
                    0x089c                  _tx_temp
                    0x089e                  _portBSY
                    0x08a0                  _writingbuff
                    0x08a2                  _dynaSpace
                    0x08a4                  _IC_Address
                    0x08a5                  _IC_Command
                    0x08a6                  _IC_Pack_Index
                    0x08a8                  _IC_Pack_Size
                    0x08aa                  _IC_Seq
                    0x08ac                  _CMD_Point
                    0x08b0                  _bufsize
                    0x08b4                  _cmdRDY
                    0x08b6                  _cmdOVFL
                    0x08b8                  _Terr
                    0x08ba                  _tempPoint
                    0x08be                  _flt_index
                    0x08c2                  _PxPage
                    0x08c6                  _pageVar
                    0x08ca                  _varNum
                    0x08ce                  _dodispatch
                    0x08d2                  _PxVtimer
                    0x08d4                  _upperMem
                    0x08d6                  _printSets
                    0x08d8                  _eRead
                    0x08da                  _offset
                    0x08dc                  _address
                    0x08de                  _flash_chksum
                    0x08e0                  _rom_chksum
                    0x08e2                  _nvSets_chksum
                    0x08e4                  _ramSets_chksum
                    0x08e6                  _ramSets_chksum_old
                    0x08e8                  _check_timer
                    0x08ea                  _ram_err_count
                    0x08ec                  _heat_set
                    0x08ee                  _dischrg_current
                    0x08f2                  _chrg_current
                    0x08f6                  _percentOut
                    0x08fa                  _chrg_remaining
                    0x08fe                  _Output_Software_PWM
                    0x0900                  _Output_PWM_Delay
                    0x0902                  _oc_shutdown_timer
                    0x0904                  _shutdown_timer
                    0x0906                  _CHwaitTimer
                    0x0908                  _PD_Last_Current
                    0x090c                  _PD_Last_Voltage
                    0x0910                  _PD_Last_Status
                    0x0911                  _PD_Src_Count
                    0x0912                  _sets
                    0x09de                  _vars
                    0x0a50                  _dsky
                    0x0aa2                  _open_voltage_percentage
                    0x0ab2                  _temp_Cell_Voltage_Average
                    0x0ac2                  _Cell_Voltage_Average
                    0x0ad2                  _BavgVolt
                    0x0ae2                  _OV_Timer
                    0x0aea                  _CONDbits
                    0x0aec                  _STINGbits
                    0x0aee                  _Tfaultsbits
                    0x0aef                  _Buffer
                    0x0bb7                  _IC_Packet
                    0x0bd5                  _CMD_buff

.ndata              0x0bf6          0xc
 .ndata             0x0bf6          0xc build/default/production/main.o
                    0x0bf6                  _gas_gauge_timer
                    0x0bf8                  _charge_mode
                    0x0bf9                  _LED_Test
                    0x0bfa                  _power_session
                    0x0bfb                  _DeepSleepTimerSec
                    0x0bfc                  _PowerOffTimerSec
                    0x0bfe                  _IC_Timer
                    0x0c00                  _Soft_PWM_Timer

_0x7f234193b0006654f709
                    0x0c02          0x2
 _0x7f234193b0006654f709
                    0x0c02          0x2 build/default/production/main.o
                    0x0c02                  _reset_chk

_0x7f234175f5006654f709
                    0x0c04          0x2
 _0x7f234175f5006654f709
                    0x0c04          0x2 build/default/production/main.o
                    0x0c04                  _Tfaults

.nbss               0x0c06          0x2
 .nbss              0x0c06          0x2 /opt/microchip/xc16/v2.10/bin/bin/../../lib/libc99-pic30-elf.a(errno.XX_o)
                    0x0c06                  _errno

.config_ICS       0xf8000c          0x2
 .config_ICS      0xf8000c          0x2 build/default/production/main.o

.config_MCLRE     0xf80004          0x2
 .config_MCLRE    0xf80004          0x2 build/default/production/main.o

.config_WDT       0xf80002          0x2
 .config_WDT      0xf80002          0x2 build/default/production/main.o

.config_FCKSMEN
                  0xf80000          0x2
 .config_FCKSMEN
                  0xf80000          0x2 build/default/production/main.o

.ivt._SI2CInterrupt
                  0x00002e          0x2
 .ivt._SI2CInterrupt
                  0x00002e          0x2 build/default/production/main.o

.ivt._OscillatorFail
                  0x000006          0x2
 .ivt._OscillatorFail
                  0x000006          0x2 build/default/production/main.o

.ivt._StackError
                  0x00000a          0x2
 .ivt._StackError
                  0x00000a          0x2 build/default/production/main.o

.ivt._AddressError
                  0x000008          0x2
 .ivt._AddressError
                  0x000008          0x2 build/default/production/main.o

.ivt._MathError
                  0x00000c          0x2
 .ivt._MathError
                  0x00000c          0x2 build/default/production/main.o

.ivt._FLTAInterrupt
                  0x00006a          0x2
 .ivt._FLTAInterrupt
                  0x00006a          0x2 build/default/production/main.o

.ivt._ReservedTrap7
                  0x000012          0x2
 .ivt._ReservedTrap7
                  0x000012          0x2 build/default/production/main.o

.ivt._U2TXInterrupt
                  0x000046          0x2
 .ivt._U2TXInterrupt
                  0x000046          0x2 build/default/production/main.o

.ivt._U1TXInterrupt
                  0x000028          0x2
 .ivt._U1TXInterrupt
                  0x000028          0x2 build/default/production/main.o

.ivt._T5Interrupt
                  0x000040          0x2
 .ivt._T5Interrupt
                  0x000040          0x2 build/default/production/main.o

.ivt._MI2CInterrupt
                  0x000030          0x2
 .ivt._MI2CInterrupt
                  0x000030          0x2 build/default/production/main.o

.ivt._T4Interrupt
                  0x00003e          0x2
 .ivt._T4Interrupt
                  0x00003e          0x2 build/default/production/main.o

.ivt._INT1Interrupt
                  0x000034          0x2
 .ivt._INT1Interrupt
                  0x000034          0x2 build/default/production/main.o

.ivt._INT0Interrupt
                  0x000014          0x2
 .ivt._INT0Interrupt
                  0x000014          0x2 build/default/production/main.o

.ivt._T2Interrupt
                  0x000020          0x2
 .ivt._T2Interrupt
                  0x000020          0x2 build/default/production/main.o

.ivt._ADCInterrupt
                  0x00002a          0x2
 .ivt._ADCInterrupt
                  0x00002a          0x2 build/default/production/main.o

.ivt._T1Interrupt
                  0x00001a          0x2
 .ivt._T1Interrupt
                  0x00001a          0x2 build/default/production/main.o

.ivt._U2RXInterrupt
                  0x000044          0x2
 .ivt._U2RXInterrupt
                  0x000044          0x2 build/default/production/main.o

.ivt._U1RXInterrupt
                  0x000026          0x2
 .ivt._U1RXInterrupt
                  0x000026          0x2 build/default/production/main.o

.const              0x95da        0xc0e load address 0x0015da  
 .const             0x95da        0xc0e build/default/production/main.o
                    0x9c22                  _VSPC
                    0x9c24                  _V01
                    0x9c26                  _V02
                    0x9c28                  _V03
                    0x9c2b                  _V04
                    0x9c2e                  _V05
                    0x9c31                  _V06
                    0x9c34                  _V07
                    0x9c37                  _V08
                    0x9c3b                  _V09
                    0x9c3f                  _V0A
                    0x9c43                  _V0B
                    0x9c47                  _V0C
                    0x9c49                  _V0D
                    0x9c4c                  _V0E
                    0x9c4e                  _V0F
                    0x9c51                  _V10
                    0x9c54                  _V11
                    0x9c57                  _V12
                    0x9c5b                  _V13
                    0x9c5e                  _V14
                    0x9c62                  _Vlookup
                    0x9c8c                  _code01
                    0x9cb5                  _code02
                    0x9cc9                  _code03
                    0x9cf5                  _code04
                    0x9d06                  _code05
                    0x9d18                  _code06
                    0x9d31                  _code07
                    0x9d49                  _code08
                    0x9d58                  _code09
                    0x9d7a                  _code0A
                    0x9d89                  _code0B
                    0x9d96                  _code0C
                    0x9da0                  _code0D
                    0x9daa                  _code0E
                    0x9db5                  _code0F
                    0x9dbf                  _code10
                    0x9dc9                  _code11
                    0x9dd4                  _code12
                    0x9de9                  _code13
                    0x9df6                  _code14
                    0x9dfe                  _code15
                    0x9e17                  _code16
                    0x9e22                  _code17
                    0x9e2b                  _code18
                    0x9e38                  _code19
                    0x9e40                  _code1A
                    0x9e52                  _code1B
                    0x9e61                  _code1C
                    0x9e7c                  _code1D
                    0x9e87                  _code1E
                    0x9e92                  _code1F
                    0x9e9e                  _code20
                    0x9eaa                  _code21
                    0x9eb5                  _code22
                    0x9ec0                  _code23
                    0x9ecc                  _code24
                    0x9ed8                  _code25
                    0x9ee2                  _code26
                    0x9eec                  _code27
                    0x9efa                  _code28
                    0x9f08                  _code29
                    0x9f17                  _code2A
                    0x9f26                  _code2B
                    0x9f36                  _code2C
                    0x9f45                  _code2D
                    0x9f4f                  _code2E
                    0x9f59                  _code2F
                    0x9f6b                  _code30
                    0x9f74                  _code31
                    0x9f7d                  _code32
                    0x9f86                  _code33
                    0x9f8f                  _code34
                    0x9f98                  _code35
                    0x9fa1                  _code36
                    0x9faa                  _code37
                    0x9fb3                  _code38
                    0x9fcb                  _code39
                    0xa020                  _code3A
                    0xa070                  _code3B
                    0xa08e                  _code3C
                    0xa0c9                  _code3D
                    0xa0f5                  _code3E
                    0xa107                  _code3F
                    0xa11a                  _code40
                    0xa126                  _code41
                    0xa137                  _code42
                    0xa149                  _code43
                    0xa157                  _codeDefault
                    0xa160                  _errArray

.text             0x0021e8       0x2f60
 .text            0x0021e8       0x2f60 build/default/production/main.o
                  0x0021e8                  _timer_reset
                  0x0021f2                  _clear_I2C_Buffer
                  0x002200                  _Send_I2C
                  0x002268                  _Receive_I2C
                  0x0022d6                  _calcAnalog
                  0x0024fa                  _absFloat
                  0x00250e                  _simpleCube
                  0x00251e                  _calc_lithium
                  0x00254c                  _get_volt_percent
                  0x0025c6                  _Get_lowest_cell_percent
                  0x00263c                  _USB_Power_Present_Check
                  0x002662                  _PORTS_DONE
                  0x002694                  _OSC_Switch
                  0x0027d8                  _four_bit_hex_cnvt
                  0x0027e6                  _Get_Float
                  0x0028f6                  _BaudCalc
                  0x00293c                  _configure_IO
                  0x002aa0                  _Init
                  0x002b18                  _init_sys_debug
                  0x002b48                  _BAL_Out
                  0x002ba2                  _LED_Out
                  0x002c04                  _LED_ChrgLVL
                  0x002c92                  _LED_Mult
                  0x002d42                  _eeprom_erase
                  0x002d84                  _eeprom_write
                  0x002dda                  _memread
                  0x002e16                  _eeprom_read
                  0x002e2c                  _flash_checksum
                  0x002e96                  _prgm_chksum_update
                  0x002e9e                  _eeprom_checksum
                  0x002ecc                  _nvm_chksum_update
                  0x002ed6                  _save_vars
                  0x002f16                  _Deep_Sleep
                  0x002f26                  _nvmSets_checksum
                  0x002f5a                  _ramSets_checksum
                  0x002f84                  _ram_chksum_update
                  0x002f8c                  _save_sets
                  0x002fb6                  _default_sets
                  0x0030fc                  _initialCal
                  0x003136                  _heatStuffOff
                  0x003150                  _rst_flag_rst
                  0x00315e                  _fault_log
                  0x0031b0                  _Exception_Check
                  0x003228                  _reset_check
                  0x00324e                  _first_check
                  0x003260                  _check_nvmem
                  0x00327c                  _read_vars
                  0x0032bc                  _get_variables
                  0x0032da                  _check_prog
                  0x0032f2                  _check_nvmSets
                  0x00330c                  _read_sets
                  0x003342                  _check_ramSets
                  0x003358                  _port_Sanity
                  0x003366                  _C_Point_CHK
                  0x00337c                  _portBusyIdle
                  0x003392                  _B_Sanity_CHK
                  0x0033b8                  _cpyFLT
                  0x0033f0                  _dispatch_Serial
                  0x00342a                  _Buffrst
                  0x00345a                  _port_check
                  0x003476                  _load_float
                  0x003664                  _load_const_string
                  0x0036dc                  _load_string
                  0x003754                  _setsLockedErr
                  0x00375e                  _pageOut
                  0x003862                  _displayOut
                  0x0038e0                  _send_string
                  0x0038fc                  _send_Float_Array
                  0x003940                  _send_Int_Array
                  0x003988                  _all_info
                  0x003afc                  _load_hex
                  0x003bc2                  _fault_read
                  0x003caa                  _Batt_IO_OFF
                  0x003cbe                  _ALL_shutdown
                  0x003cca                  _currentCheck
                  0x003d34                  _analog_sanity
                  0x003e2c                  _death_loop
                  0x003e40                  _get_settings
                  0x003e70                  _heater_calibration
                  0x003f34                  _low_power_mode
                  0x003f4e                  _main_power_check
                  0x003fa6                  _low_battery_shutdown
                  0x003fc2                  _initial_comp
                  0x004010                  _Volt_Cal
                  0x00417c                  _D_Flag_Check
                  0x004186                  _explody_preventy_check
                  0x00426e                  _Cell_HV_Check
                  0x0042c4                  _Temperature_I_Calc
                  0x00435c                  _temperatureCalc
                  0x00441e                  _output_PWM
                  0x004452                  _heat_control
                  0x00449c                  _chargeReg
                  0x004606                  _outputReg
                  0x004650                  _IsSysReady
                  0x0046e8                  _Get_PD_Sources
                  0x00471c                  _Calc_PD_Option
                  0x00476e                  _Get_Highest_PD
                  0x0047f0                  _Get_Lowest_PD_Voltage
                  0x00486e                  _Last_PD
                  0x004898                  _List_PD_Options
                  0x0048e8                  _Set_PD_Option
                  0x004962                  _chargeDetect
                  0x004be4                  _Command_Interp
                  0x0050b6                  _main

.dinit            0x005148         0x1c
 .dinit           0x005148         0x1c data_init
